{"word": "golden", "definitions": [{"pos": "s", "text": "having the deep slightly brownish color of gold", "examples": ["long aureate (or golden) hair", "a gold carpet"], "synonyms": ["aureate", "gilded", "gilt", "gold"], "antonyms": []}, {"pos": "s", "text": "marked by peace and prosperity", "examples": ["a golden era", "the halcyon days of the clipper trade"], "synonyms": ["halcyon", "prosperous"], "antonyms": []}, {"pos": "s", "text": "made from or covered with gold", "examples": ["gold coins", "the gold dome of the Capitol", "the golden calf", "gilded icons"], "synonyms": ["gold", "gilded"], "antonyms": []}, {"pos": "s", "text": "supremely favored", "examples": ["golden lads and girls all must / like chimney sweepers come to dust"], "synonyms": ["fortunate"], "antonyms": []}, {"pos": "s", "text": "suggestive of gold", "examples": ["a golden voice"], "synonyms": [], "antonyms": []}, {"pos": "s", "text": "presaging or likely to bring good luck", "examples": ["a favorable time to ask for a raise", "lucky stars", "a prosperous moment to make a decision"], "synonyms": ["favorable", "favourable", "lucky", "prosperous"], "antonyms": []}]}